// Jest Snapshot v1, https://goo.gl/fbAQLP

exports[`renders a snapshot properly 1`] = `
<DocumentFragment>
  <div>
    <h1
      class="title is-1"
    >
      Register
    </h1>
    <hr />
    <br />
    <form>
      <div
        class="field"
      >
        <label
          class="label"
          for="input-username"
        >
          Username
        </label>
        <input
          class="input"
          id="input-username"
          name="username"
          placeholder="Enter a Username"
          type="text"
          value=""
        />
      </div>
      <div
        class="field"
      >
        <label
          class="label"
          for="input-email"
        >
          Email
        </label>
        <input
          class="input"
          id="input-email"
          name="email"
          placeholder="Enter an Email address"
          type="email"
          value=""
        />
      </div>
      <div
        class="field"
      >
        <label
          class="label"
          for="input-password"
        >
          Password
        </label>
        <input
          class="input"
          id="input-password"
          name="password"
          placeholder="Enter a Password"
          type="password"
          value=""
        />
      </div>
      <input
        class="button is-primary"
        type="submit"
        value="Submit"
      />
    </form>
  </div>
</DocumentFragment>
`;
